prompt_token_ids=[151644, 872, 198, 7985, 264, 729, 429, 17431, 288, 264, 914, 13, 151645, 198, 151644, 77091, 198]
generated_token_ids=[8420, 748, 264, 729, 429, 17431, 288, 264, 914, 320, 72, 1734]
generated_text="Here’s a function that reverses a string (i.e"
coherence_class=COHERENT
prefill_secs=5.205191
first_token_latency_secs=5.205191
decode_secs=2.608235
steady_state_tokens=11 steady_state_decode_secs=2.608234 steady_state_tok_s=4.217412
wall_ns_per_token=237112220
gpu_matvec_ns_per_token=35457110 (MTLCommandBuffer GPUEnd-GPUStart)
facet1_bind_ns_per_token=42388827 facet2_wait_minus_gpu_ns_per_token=91765247 cbs_per_token=337.0 dispatches_per_token=2413.0
peak_rss_bytes=9749872640
fallback silent=0 designed_host=12781 (vec=265 embed=28 act=12460 sample=28)
native binary=26880 residual=13440 hgravs=26880 q8=11116 waves=1344 cbs=9436
stages embed=0.2580 deltanet=2.2259 gqa=0.2973 moe_shared=0.7971 moe_routed=3.3722 moe_combine=0.3985 terminal=0.0594 mixed_matvec=2.8023 gpu_matvec_ns=989862472
dense_w_materialized=false
greedy_oracle_12=[8420, 748, 264, 729, 429, 17431, 288, 264, 914, 320, 72, 1734] greedy_bit_identical=true
rep1 host_prep decode_n=11 wall_med=231794542 gpu_med=35503512 host_prep_med=61452934 catalog_reparse=8464750 embed=8476583 buffer_prep=3746544 encode=1969071 expert_bind=38298537 vector_clone=181079 packed_calls=293 packed_skipped=11116
cached_geometry_count=666
rep2 generated_text="Here’s a function that reverses a string (i.e" wall_ns_per_token=192074799 gpu_matvec_ns_per_token=35489046 bind_ns=0 wait_minus_gpu_ns=89104234 cbs=337.0 disp=2413.0 ids_match=true
rep2 host_prep decode_n=11 wall_med=191791250 gpu_med=35469329 host_prep_med=22544260 catalog_reparse=8433625 embed=8445667 buffer_prep=3906256 encode=1996465 expert_bind=0 vector_clone=179833 packed_calls=28 packed_skipped=11116
