prompt_token_ids=[151644, 872, 198, 7985, 264, 729, 429, 17431, 288, 264, 914, 13, 151645, 198, 151644, 77091, 198]
generated_token_ids=[8420, 748, 264, 729, 429, 17431, 288, 264, 914, 320, 72, 1734]
generated_text="Here’s a function that reverses a string (i.e"
coherence_class=COHERENT
prefill_secs=9.906588
first_token_latency_secs=9.906588
decode_secs=2.573604
steady_state_tokens=11 steady_state_decode_secs=2.573604 steady_state_tok_s=4.274162
wall_ns_per_token=233964008
gpu_matvec_ns_per_token=44319509 (MTLCommandBuffer GPUEnd-GPUStart)
facet1_bind_ns_per_token=155119641 facet2_wait_minus_gpu_ns_per_token=22032085 cbs_per_token=49.0 dispatches_per_token=2834.0
peak_rss_bytes=9844654080
fallback silent=0 designed_host=1665 (vec=265 embed=28 act=1344 sample=28)
native binary=26880 residual=13440 hgravs=26880 q8=11116 waves=1344 cbs=1372
stages embed=0.2515 deltanet=2.0579 gqa=0.5402 moe_shared=0.3877 moe_routed=0.0488 moe_combine=0.0488 terminal=0.0292 mixed_matvec=0.0000 gpu_matvec_ns=1269566860
dense_w_materialized=false
deltanet gpu=true vi=true host_ns_per_token=0 isolated_gpu=4374250 isolated_host=40446750 isolated_wait=4691083 isolated_disp=36
greedy_oracle_12=[8420, 748, 264, 729, 429, 17431, 288, 264, 914, 320, 72, 1734] greedy_bit_identical=true
rep1 host_prep decode_n=11 wall_med=221294958 gpu_med=46366055 host_prep_med=156592790 catalog_reparse=8443833 embed=8458583 buffer_prep=0 encode=1520975 expert_bind=138028082 vector_clone=0 packed_calls=689 packed_skipped=0
cached_geometry_count=666
