[hawking] profile=exact: conservative path. Forces OFF f16-scales / Q4K-FFN-down / vocab-prune. profile-level quality trades: off. source parity: requires a current model-specific oracle receipt. J/tok: baseline.
QWEN_LOAD_STAGE stage=weights_path_admission api=QwenDense::load monotonic_start_us=0 monotonic_end_us=0 elapsed_us=0 source_file_bytes=Some(47415715488) bytes_read=None bytes_written=None resident_bytes=Some(30392320) peak_resident_bytes=Some(36356096) fallback=0 restart_safe=true status=BEGIN
QWEN_LOAD_STAGE stage=gguf_open_mmap api=GgufFile::open monotonic_start_us=0 monotonic_end_us=11299 elapsed_us=11299 bytes_read=Some(0) bytes_written=Some(0) resident_bytes=Some(36782080) peak_resident_bytes=Some(36782080) fallback=0 restart_safe=true status=PASS
QWEN_LOAD_STAGE stage=metadata_parse api=QwenConfig::from_gguf monotonic_start_us=11299 monotonic_end_us=11433 elapsed_us=134 bytes_read=None bytes_written=None resident_bytes=Some(36831232) peak_resident_bytes=Some(36831232) fallback=0 restart_safe=true status=PASS
QWEN_LOAD_STAGE stage=tokenizer api=Tokenizer::from_file_or_gguf monotonic_start_us=11433 monotonic_end_us=71385 elapsed_us=59951 bytes_read=None bytes_written=None resident_bytes=Some(95158272) peak_resident_bytes=Some(95158272) fallback=0 restart_safe=true status=PASS
QWEN_LOAD_STAGE stage=tensor_directory_quant_admission_layout_conversion api=tensor_ref+dequant_f16+dequant_f32 monotonic_start_us=71385 monotonic_end_us=1964823 elapsed_us=1893438 bytes_read=None bytes_written=None resident_bytes=Some(6822871040) peak_resident_bytes=Some(11783585792) fallback=0 restart_safe=true status=PASS
QWEN_LOAD_STAGE stage=host_kv_allocation api=KvCache::new monotonic_start_us=1964823 monotonic_end_us=1964984 elapsed_us=161 bytes_read=Some(0) bytes_written=Some(41943040) resident_bytes=Some(6823051264) peak_resident_bytes=Some(11783585792) fallback=0 restart_safe=true status=PASS
QWEN_LOAD_STAGE stage=metal_device_discovery api=init_optional_metal monotonic_start_us=1964984 monotonic_end_us=1998535 elapsed_us=33551 bytes_read=Some(0) bytes_written=Some(0) resident_bytes=Some(6837075968) peak_resident_bytes=Some(11783585792) fallback=0 restart_safe=true status=PASS
QWEN_LOAD_STAGE stage=load_complete api=QwenDense::load monotonic_start_us=1998535 monotonic_end_us=22482275 elapsed_us=20483739 bytes_read=Some(0) bytes_written=Some(0) resident_bytes=Some(9166995456) peak_resident_bytes=Some(44263047168) fallback=0 restart_safe=true status=PASS
[hawking] qwen_dense load timing:
  gguf_open+config                              11.51 ms
  tokenizer                                     59.99 ms
  weight_extract+layers+kv                    1893.58 ms
  metal_ctx_init                                33.58 ms
  metal_pinning+lm_head+vocab_prune+warmup   20483.63 ms
  TOTAL                                      22482.43 ms
QWEN_FIRST_DISPATCH_STAGE stage=entry api=QwenDense::forward_token_greedy_tcb monotonic_start_us=0 monotonic_end_us=0 elapsed_us=0 bytes_read=0 bytes_written=0 resident_bytes=Some(9159622656) peak_resident_bytes=Some(44263047168) fallback=0 restart_safe=true status=BEGIN
QWEN_FIRST_DISPATCH_STAGE stage=representation_admission api=ensure_tq_cache+Q4K_predecode_guard+Q4K_FAST/AWQ_sidecars monotonic_start_us=0 monotonic_end_us=55 elapsed_us=55 bytes_read=None bytes_written=None resident_bytes=Some(9159622656) peak_resident_bytes=Some(44263047168) fallback=0 restart_safe=true status=PASS
QWEN_FIRST_DISPATCH_STAGE stage=device_and_buffer_binding api=MetalContext+weights_mmap_buf+embed_buf+final_norm_buf+lm_head_buf monotonic_start_us=55 monotonic_end_us=117 elapsed_us=62 bytes_read=Some(0) bytes_written=Some(0) resident_bytes=Some(9159622656) peak_resident_bytes=Some(44263047168) fallback=0 restart_safe=true status=PASS
QWEN_FIRST_DISPATCH_STAGE stage=arena_allocation_and_prefill_bridge api=DenseDecodeArena::new+request_residency+KV_bridge+optional_KV/W4A8_scratch monotonic_start_us=117 monotonic_end_us=408 elapsed_us=290 bytes_read=Some(0) bytes_written=Some(47587876) resident_bytes=Some(9159688192) peak_resident_bytes=Some(44263047168) fallback=0 restart_safe=true status=PASS
[hawking] HAWKING_TCB_TRACE="(unset)" → mode=Off
QWEN_FIRST_DISPATCH_STAGE stage=command_buffer_creation api=TokenCommandBuffer::new/MTLCommandQueue::commandBuffer monotonic_start_us=408 monotonic_end_us=1400 elapsed_us=992 bytes_read=Some(0) bytes_written=Some(0) resident_bytes=Some(9159901184) peak_resident_bytes=Some(44263047168) fallback=0 restart_safe=true status=PASS
QWEN_FIRST_DISPATCH_STAGE stage=graph_encode_first_encoder_and_dispatches api=TokenCommandBuffer::dispatch_threads/MTLComputeCommandEncoder monotonic_start_us=1400 monotonic_end_us=10344 elapsed_us=8943 bytes_read=None bytes_written=Some(0) resident_bytes=Some(9148301312) peak_resident_bytes=Some(44263047168) fallback=0 restart_safe=true status=PASS
