real 203.65
user 54.85
sys 30.04
         47979331584  maximum resident set size
                   0  average shared memory size
                   0  average unshared data size
                   0  average unshared stack size
             2932381  page reclaims
             1234011  page faults
                   0  swaps
                   0  block input operations
                   0  block output operations
                   0  messages sent
                   0  messages received
                   0  signals received
                8048  voluntary context switches
              487384  involuntary context switches
        528720961057  instructions retired
        310226327448  cycles elapsed
           567281912  peak memory footprint
