real 4.59
user 0.41
sys 2.27
         47619866624  maximum resident set size
                   0  average shared memory size
                   0  average unshared data size
                   0  average unshared stack size
             2910650  page reclaims
                  17  page faults
                   0  swaps
                   0  block input operations
                   0  block output operations
                   0  messages sent
                   0  messages received
                   0  signals received
                   0  voluntary context switches
                1208  involuntary context switches
         36212558688  instructions retired
          9806192536  cycles elapsed
           443681088  peak memory footprint
